exports[`domain EVENT_DOMAIN_QUERY 1`] = `
Object {
  "event": "domainData",
  "payload": Array [
    Object {
      "domainId": 1,
      "itemNamespace": "Domains",
      "name": "fr.cnes.isis",
      "oid": "0051525005151000565215465660515",
      "parentDomainId": 0
    },
    Object {
      "domainId": 4,
      "itemNamespace": "Domains",
      "name": "fr.cnes.isis.simupus",
      "oid": "0051525005151000565215465660515",
      "parentDomainId": 1
    }
  ]
}
`;
