// Jest Snapshot v1, https://goo.gl/fbAQLP

exports[`viewManager/PUS15View/Components/View/PUS15View PUS15View :: render snapshot 1`] = `
<ErrorBoundary>
  <div
    className="pus15"
  >
    <ErrorBoundary>
      <div
        className="header col-sm-12"
      >
        Application Process(es) : 
        <span>
          ORBIT
          [
          0
          ], 
        </span>
      </div>
    </ErrorBoundary>
    <div
      className="col-sm-12 h100"
    >
      <div
        className="row tablesHeight"
      >
        <Connect(VirtualizedTableView)
          contentModifier={[Function]}
          data={Array []}
          overrideStyle={[Function]}
          tableId="onBoardStorages"
          viewId="1838f507-156b-4734-bf6d-69d0e96b39b8"
        />
      </div>
      <div
        className="row tablesHeight"
      >
        <Connect(VirtualizedTableView)
          contentModifier={[Function]}
          data={Array []}
          tableId="storageDef"
          viewId="1838f507-156b-4734-bf6d-69d0e96b39b8"
        />
      </div>
    </div>
  </div>
</ErrorBoundary>
`;

exports[`viewManager/PUS15View/Components/View/PUS15View PUS15View :: renderInvald snapshot 1`] = `
<div
  className="pus15 h100 posRelative"
>
  <div
    className="flex h100"
  >
    <div
      className="renderErrorText"
    >
      Unable to render view 
      <br />
      this is an error message
    </div>
  </div>
</div>
`;
