// Jest Snapshot v1, https://goo.gl/fbAQLP

exports[`store:serverProcess:middlewares:inspector open inspector 1`] = `
Array [
  Object {
    "payload": Object {
      "isMinimized": false,
      "pageId": "p1",
    },
    "type": "WS_PAGE_PANELS_MINIMIZE_EXPLORER",
  },
  Object {
    "payload": Object {
      "focusedTab": "inspector",
      "pageId": "p1",
    },
    "type": "WS_PAGE_PANELS_FOCUS_IN_EXPLORER",
  },
  Object {
    "payload": Object {
      "dataId": Object {
        "catalog": "Reporting",
        "domainId": "domainId",
        "parameterName": "param",
        "sessionId": "sessionId",
      },
      "epId": "ep1",
      "epName": "ep",
      "field": "field",
      "viewId": "v1",
      "viewType": "MimicView",
    },
    "type": "HSC_SET_INSPECTOR_GENERAL_DATA",
  },
  Object {
    "payload": Object {
      "loading": true,
    },
    "type": "HSC_IS_INSPECTOR_STATIC_DATA_LOADING",
  },
  Object {
    "payload": Object {
      "displayingTM": true,
    },
    "type": "HSC_IS_INSPECTOR_DISPLAYING_A_TM",
  },
  Object {
    "payload": Object {
      "options": Object {
        "dataId": Object {
          "catalog": "Reporting",
          "domainId": "domainId",
          "parameterName": "param",
          "sessionId": "sessionId",
        },
        "epId": "ep1",
        "epName": "ep",
        "field": "field",
      },
      "pageId": "p1",
      "type": "MimicView",
      "viewId": "v1",
    },
    "type": "HSC_ASK_OPEN_INSPECTOR",
  },
]
`;
