// Jest Snapshot v1, https://goo.gl/fbAQLP

exports[`viewManager/PUS19View/Components/View/PUS19View PUS19View :: render snapshot 1`] = `
<ErrorBoundary>
  <div
    className="pus19"
  >
    <ErrorBoundary>
      <div
        className="header col-sm-12"
      >
        Application Process(es) : 
        <span>
          ORBIT
          [
          0
          ], 
        </span>
      </div>
    </ErrorBoundary>
    <div
      className="col-sm-12"
    >
      <div
        style={
          Object {
            "height": 400,
          }
        }
      >
        <Connect(VirtualizedTableView)
          contentModifier={[Function]}
          data={Array []}
          onCellDoubleClick={undefined}
          overrideStyle={[Function]}
          tableId="eventActions"
          viewId="1838f507-196b-4734-bf6d-69d0e96b39b8"
        />
      </div>
    </div>
  </div>
</ErrorBoundary>
`;
