exports[`test AddTrack renders correctly 1`] = `
<form
  className="form-horizontal"
  onSubmit={[Function]}>
  <div
    className="Lefttab__formGroup___2Kj6_ form-group">
    <b
      className="Lefttab__labelFormControl___2UMul">
      Kind
    </b>
    <select
      className="form-control Lefttab__formControl___WYwMa">
      <option
        value="session">
        session
      </option>
      <option
        disabled={true}
        value="dataSet">
        dataSet
      </option>
      <option
        disabled={true}
        value="recordSet">
        recordSet
      </option>
    </select>
  </div>
  <div
    className="Lefttab__formGroup___2Kj6_ form-group">
    <b
      className="Lefttab__labelFormControl___2UMul">
      Color
    </b>
    <div
      className="root">
      <button
        className="btn btn-xs btn-default"
        disabled={false}
        onClick={[Function]}
        style={
          Object {
            "backgroundColor": "#123789",
          }
        }
        type="button">
        <svg
          height="12"
          width="12"
          xmlns="http://www.w3.org/2000/svg">
          <g>
            <title>
              background
            </title>
            <rect
              fill="none"
              height="12"
              id="canvas_background"
              width="12"
              x="-1"
              y="-1" />
            <g
              display="none"
              height="100%"
              id="canvasGrid"
              overflow="visible"
              width="100%"
              x="0"
              y="0">
              <rect
                fill="url(#gridpattern)"
                height="100%"
                strokeWidth="0"
                width="100%"
                x="0"
                y="0" />
            </g>
          </g>
        </svg>
      </button>
    </div>
  </div>
  <div
    className="Lefttab__formGroup___2Kj6_ form-group">
    <b
      className="Lefttab__labelFormControl___2UMul">
      Id
    </b>
    <input
      className="form-control Lefttab__formControl___WYwMa"
      placeholder="Parameter n" />
  </div>
  <div
    className="Lefttab__formGroup___2Kj6_ form-group">
    <b
      className="Lefttab__labelFormControl___2UMul">
      Session
    </b>
    <select
      className="form-control Lefttab__formControl___WYwMa">
      <option
        value={0}>
        Master
      </option>
    </select>
  </div>
  <div
    className="Lefttab__formGroup___2Kj6_ form-group">
    <b
      className="Lefttab__labelFormControl___2UMul">
       
    </b>
    <input
      autoFocus={true}
      className="btn btn-md btn-primary"
      type="submit"
      value="Add track" />
  </div>
</form>
`;
