exports[`test Timesetter renders correctly 1`] = `
<form
  onSubmit={[Function]}>
  <div
    className="TimeSetter__fieldsContainer___3HvQ_">
    <div
      className="text-capitalize TimeSetter__formLabel___3d4_-"
      style={
        Object {
          "width": "100%",
        }
      }>
      <b>
        Ext lower cursor
      </b>
    </div>
    <div
      className="TimeSetter__inputDiv___zot7Q">
      <input
        className="form-control TimeSetter__input___3-vNx TimeSetter__input_year___1VOE1"
        disabled={true}
        onBlur={[Function]}
        onChange={[Function]}
        onClick={[Function]}
        type="number"
        value="2016" />
      <span>
        -
      </span>
      
      
    </div>
    <div
      className="TimeSetter__inputDiv___zot7Q">
      <input
        className="form-control TimeSetter__input___3-vNx TimeSetter__input_months___Iiv0z"
        disabled={true}
        onBlur={[Function]}
        onChange={[Function]}
        onClick={[Function]}
        type="number"
        value="11" />
      <span>
        -
      </span>
      
      
    </div>
    <div
      className="TimeSetter__inputDiv___zot7Q">
      <input
        className="form-control TimeSetter__input___3-vNx TimeSetter__input_date___sxzsH"
        disabled={true}
        onBlur={[Function]}
        onChange={[Function]}
        onClick={[Function]}
        type="number"
        value="29" />
      
      
      
    </div>
    <div
      className="TimeSetter__inputDiv___zot7Q">
      <input
        className="form-control TimeSetter__input___3-vNx TimeSetter__input_hours___3eYNY"
        disabled={true}
        onBlur={[Function]}
        onChange={[Function]}
        onClick={[Function]}
        type="number"
        value="10" />
      
      <span>
        :
      </span>
      
    </div>
    <div
      className="TimeSetter__inputDiv___zot7Q">
      <input
        className="form-control TimeSetter__input___3-vNx TimeSetter__input_minutes___1o4Hs"
        disabled={true}
        onBlur={[Function]}
        onChange={[Function]}
        onClick={[Function]}
        type="number"
        value="58" />
      
      <span>
        :
      </span>
      
    </div>
    <div
      className="TimeSetter__inputDiv___zot7Q">
      <input
        className="form-control TimeSetter__input___3-vNx TimeSetter__input_seconds___1VgKG"
        disabled={true}
        onBlur={[Function]}
        onChange={[Function]}
        onClick={[Function]}
        type="number"
        value="09" />
      
      
      <span>
        .
      </span>
    </div>
    <div
      className="TimeSetter__inputDiv___zot7Q">
      <input
        className="form-control TimeSetter__input___3-vNx TimeSetter__input_milliseconds___3f2uU"
        disabled={true}
        onBlur={[Function]}
        onChange={[Function]}
        onClick={[Function]}
        type="number"
        value="178" />
      
      
      
    </div>
  </div>
  <div
    className="TimeSetter__fieldsContainer___3HvQ_">
    <div
      className="text-capitalize TimeSetter__formLabel___3d4_- TimeSetter__formLabellower___9aj_D"
      style={
        Object {
          "width": "100%",
        }
      }>
      <b>
        lower cursor
      </b>
    </div>
    <div
      className="TimeSetter__inputDiv___zot7Q">
      <input
        className="form-control TimeSetter__input___3-vNx TimeSetter__input_year___1VOE1"
        disabled={false}
        onBlur={[Function]}
        onChange={[Function]}
        onClick={[Function]}
        type="number"
        value="2016" />
      <span>
        -
      </span>
      
      
    </div>
    <div
      className="TimeSetter__inputDiv___zot7Q">
      <input
        className="form-control TimeSetter__input___3-vNx TimeSetter__input_months___Iiv0z"
        disabled={false}
        onBlur={[Function]}
        onChange={[Function]}
        onClick={[Function]}
        type="number"
        value="11" />
      <span>
        -
      </span>
      
      
    </div>
    <div
      className="TimeSetter__inputDiv___zot7Q">
      <input
        className="form-control TimeSetter__input___3-vNx TimeSetter__input_date___sxzsH"
        disabled={false}
        onBlur={[Function]}
        onChange={[Function]}
        onClick={[Function]}
        type="number"
        value="29" />
      
      
      
    </div>
    <div
      className="TimeSetter__inputDiv___zot7Q">
      <input
        className="form-control TimeSetter__input___3-vNx TimeSetter__input_hours___3eYNY"
        disabled={false}
        onBlur={[Function]}
        onChange={[Function]}
        onClick={[Function]}
        type="number"
        value="10" />
      
      <span>
        :
      </span>
      
    </div>
    <div
      className="TimeSetter__inputDiv___zot7Q">
      <input
        className="form-control TimeSetter__input___3-vNx TimeSetter__input_minutes___1o4Hs"
        disabled={false}
        onBlur={[Function]}
        onChange={[Function]}
        onClick={[Function]}
        type="number"
        value="58" />
      
      <span>
        :
      </span>
      
    </div>
    <div
      className="TimeSetter__inputDiv___zot7Q">
      <input
        className="form-control TimeSetter__input___3-vNx TimeSetter__input_seconds___1VgKG"
        disabled={false}
        onBlur={[Function]}
        onChange={[Function]}
        onClick={[Function]}
        type="number"
        value="05" />
      
      
      <span>
        .
      </span>
    </div>
    <div
      className="TimeSetter__inputDiv___zot7Q">
      <input
        className="form-control TimeSetter__input___3-vNx TimeSetter__input_milliseconds___3f2uU"
        disabled={false}
        onBlur={[Function]}
        onChange={[Function]}
        onClick={[Function]}
        type="number"
        value="354" />
      
      
      
    </div>
  </div>
  <div
    className="TimeSetter__fieldsContainer___3HvQ_">
    <div
      className="text-capitalize TimeSetter__formLabel___3d4_-"
      style={
        Object {
          "width": "100%",
        }
      }>
      <b>
        current cursor
      </b>
    </div>
    <div
      className="TimeSetter__inputDiv___zot7Q">
      <input
        className="form-control TimeSetter__input___3-vNx TimeSetter__input_year___1VOE1"
        disabled={true}
        onBlur={[Function]}
        onChange={[Function]}
        onClick={[Function]}
        type="number"
        value="2016" />
      <span>
        -
      </span>
      
      
    </div>
    <div
      className="TimeSetter__inputDiv___zot7Q">
      <input
        className="form-control TimeSetter__input___3-vNx TimeSetter__input_months___Iiv0z"
        disabled={true}
        onBlur={[Function]}
        onChange={[Function]}
        onClick={[Function]}
        type="number"
        value="11" />
      <span>
        -
      </span>
      
      
    </div>
    <div
      className="TimeSetter__inputDiv___zot7Q">
      <input
        className="form-control TimeSetter__input___3-vNx TimeSetter__input_date___sxzsH"
        disabled={true}
        onBlur={[Function]}
        onChange={[Function]}
        onClick={[Function]}
        type="number"
        value="29" />
      
      
      
    </div>
    <div
      className="TimeSetter__inputDiv___zot7Q">
      <input
        className="form-control TimeSetter__input___3-vNx TimeSetter__input_hours___3eYNY"
        disabled={true}
        onBlur={[Function]}
        onChange={[Function]}
        onClick={[Function]}
        type="number"
        value="10" />
      
      <span>
        :
      </span>
      
    </div>
    <div
      className="TimeSetter__inputDiv___zot7Q">
      <input
        className="form-control TimeSetter__input___3-vNx TimeSetter__input_minutes___1o4Hs"
        disabled={true}
        onBlur={[Function]}
        onChange={[Function]}
        onClick={[Function]}
        type="number"
        value="58" />
      
      <span>
        :
      </span>
      
    </div>
    <div
      className="TimeSetter__inputDiv___zot7Q">
      <input
        className="form-control TimeSetter__input___3-vNx TimeSetter__input_seconds___1VgKG"
        disabled={true}
        onBlur={[Function]}
        onChange={[Function]}
        onClick={[Function]}
        type="number"
        value="14" />
      
      
      <span>
        .
      </span>
    </div>
    <div
      className="TimeSetter__inputDiv___zot7Q">
      <input
        className="form-control TimeSetter__input___3-vNx TimeSetter__input_milliseconds___3f2uU"
        disabled={true}
        onBlur={[Function]}
        onChange={[Function]}
        onClick={[Function]}
        type="number"
        value="025" />
      
      
      
    </div>
  </div>
  <div
    className="TimeSetter__fieldsContainer___3HvQ_">
    <div
      className="text-capitalize TimeSetter__formLabel___3d4_-"
      style={
        Object {
          "width": "100%",
        }
      }>
      <b>
        upper cursor
      </b>
    </div>
    <div
      className="TimeSetter__inputDiv___zot7Q">
      <input
        className="form-control TimeSetter__input___3-vNx TimeSetter__input_year___1VOE1"
        disabled={true}
        onBlur={[Function]}
        onChange={[Function]}
        onClick={[Function]}
        type="number"
        value="2016" />
      <span>
        -
      </span>
      
      
    </div>
    <div
      className="TimeSetter__inputDiv___zot7Q">
      <input
        className="form-control TimeSetter__input___3-vNx TimeSetter__input_months___Iiv0z"
        disabled={true}
        onBlur={[Function]}
        onChange={[Function]}
        onClick={[Function]}
        type="number"
        value="11" />
      <span>
        -
      </span>
      
      
    </div>
    <div
      className="TimeSetter__inputDiv___zot7Q">
      <input
        className="form-control TimeSetter__input___3-vNx TimeSetter__input_date___sxzsH"
        disabled={true}
        onBlur={[Function]}
        onChange={[Function]}
        onClick={[Function]}
        type="number"
        value="29" />
      
      
      
    </div>
    <div
      className="TimeSetter__inputDiv___zot7Q">
      <input
        className="form-control TimeSetter__input___3-vNx TimeSetter__input_hours___3eYNY"
        disabled={true}
        onBlur={[Function]}
        onChange={[Function]}
        onClick={[Function]}
        type="number"
        value="10" />
      
      <span>
        :
      </span>
      
    </div>
    <div
      className="TimeSetter__inputDiv___zot7Q">
      <input
        className="form-control TimeSetter__input___3-vNx TimeSetter__input_minutes___1o4Hs"
        disabled={true}
        onBlur={[Function]}
        onChange={[Function]}
        onClick={[Function]}
        type="number"
        value="58" />
      
      <span>
        :
      </span>
      
    </div>
    <div
      className="TimeSetter__inputDiv___zot7Q">
      <input
        className="form-control TimeSetter__input___3-vNx TimeSetter__input_seconds___1VgKG"
        disabled={true}
        onBlur={[Function]}
        onChange={[Function]}
        onClick={[Function]}
        type="number"
        value="24" />
      
      
      <span>
        .
      </span>
    </div>
    <div
      className="TimeSetter__inputDiv___zot7Q">
      <input
        className="form-control TimeSetter__input___3-vNx TimeSetter__input_milliseconds___3f2uU"
        disabled={true}
        onBlur={[Function]}
        onChange={[Function]}
        onClick={[Function]}
        type="number"
        value="665" />
      
      
      
    </div>
  </div>
  <div
    className="TimeSetter__fieldsContainer___3HvQ_">
    <div
      className="text-capitalize TimeSetter__formLabel___3d4_-"
      style={
        Object {
          "width": "100%",
        }
      }>
      <b>
        Ext upper cursor
      </b>
    </div>
    <div
      className="TimeSetter__inputDiv___zot7Q">
      <input
        className="form-control TimeSetter__input___3-vNx TimeSetter__input_year___1VOE1"
        disabled={true}
        onBlur={[Function]}
        onChange={[Function]}
        onClick={[Function]}
        type="number"
        value="2016" />
      <span>
        -
      </span>
      
      
    </div>
    <div
      className="TimeSetter__inputDiv___zot7Q">
      <input
        className="form-control TimeSetter__input___3-vNx TimeSetter__input_months___Iiv0z"
        disabled={true}
        onBlur={[Function]}
        onChange={[Function]}
        onClick={[Function]}
        type="number"
        value="11" />
      <span>
        -
      </span>
      
      
    </div>
    <div
      className="TimeSetter__inputDiv___zot7Q">
      <input
        className="form-control TimeSetter__input___3-vNx TimeSetter__input_date___sxzsH"
        disabled={true}
        onBlur={[Function]}
        onChange={[Function]}
        onClick={[Function]}
        type="number"
        value="29" />
      
      
      
    </div>
    <div
      className="TimeSetter__inputDiv___zot7Q">
      <input
        className="form-control TimeSetter__input___3-vNx TimeSetter__input_hours___3eYNY"
        disabled={true}
        onBlur={[Function]}
        onChange={[Function]}
        onClick={[Function]}
        type="number"
        value="10" />
      
      <span>
        :
      </span>
      
    </div>
    <div
      className="TimeSetter__inputDiv___zot7Q">
      <input
        className="form-control TimeSetter__input___3-vNx TimeSetter__input_minutes___1o4Hs"
        disabled={true}
        onBlur={[Function]}
        onChange={[Function]}
        onClick={[Function]}
        type="number"
        value="58" />
      
      <span>
        :
      </span>
      
    </div>
    <div
      className="TimeSetter__inputDiv___zot7Q">
      <input
        className="form-control TimeSetter__input___3-vNx TimeSetter__input_seconds___1VgKG"
        disabled={true}
        onBlur={[Function]}
        onChange={[Function]}
        onClick={[Function]}
        type="number"
        value="29" />
      
      
      <span>
        .
      </span>
    </div>
    <div
      className="TimeSetter__inputDiv___zot7Q">
      <input
        className="form-control TimeSetter__input___3-vNx TimeSetter__input_milliseconds___3f2uU"
        disabled={true}
        onBlur={[Function]}
        onChange={[Function]}
        onClick={[Function]}
        type="number"
        value="492" />
      
      
      
    </div>
  </div>
  <div
    className="text-center">
    <input
      className="btn btn-primary"
      type="submit"
      value="Save" />
     
    <button
      className="btn btn-info"
      onClick={[Function]}>
      Cancel changes
    </button>
  </div>
</form>
`;
