exports[`test TimesetterFields renders correctly 1`] = `
<div
  className="Timesetter__fieldsContainer___24Fbf col-xs-12">
  <div
    className="text-capitalize Timesetter__formLabel___2eZoL Timesetter__formLabellower___1lP9u"
    style={
      Object {
        "width": "100%",
      }
    }>
    <b>
      lower cursor
    </b>
  </div>
  <div
    className="Timesetter__inputDiv___2_jkV">
    <input
      className="form-control Timesetter__input___1kEVn Timesetter__input_year___3Bqew"
      defaultValue="2016"
      disabled={false}
      onBlur={[Function]}
      onClick={[Function]}
      type="number" />
    <span>
      -
    </span>
    
    
  </div>
  <div
    className="Timesetter__inputDiv___2_jkV">
    <input
      className="form-control Timesetter__input___1kEVn Timesetter__input_months___2pmb9"
      defaultValue="11"
      disabled={false}
      onBlur={[Function]}
      onClick={[Function]}
      type="number" />
    <span>
      -
    </span>
    
    
  </div>
  <div
    className="Timesetter__inputDiv___2_jkV">
    <input
      className="form-control Timesetter__input___1kEVn Timesetter__input_date___fOWIW"
      defaultValue="29"
      disabled={false}
      onBlur={[Function]}
      onClick={[Function]}
      type="number" />
    
    
    
  </div>
  <div
    className="Timesetter__inputDiv___2_jkV">
    <input
      className="form-control Timesetter__input___1kEVn Timesetter__input_hours___vTXPu"
      defaultValue="10"
      disabled={false}
      onBlur={[Function]}
      onClick={[Function]}
      type="number" />
    
    <span>
      :
    </span>
    
  </div>
  <div
    className="Timesetter__inputDiv___2_jkV">
    <input
      className="form-control Timesetter__input___1kEVn Timesetter__input_minutes___vvWf-"
      defaultValue="58"
      disabled={false}
      onBlur={[Function]}
      onClick={[Function]}
      type="number" />
    
    <span>
      :
    </span>
    
  </div>
  <div
    className="Timesetter__inputDiv___2_jkV">
    <input
      className="form-control Timesetter__input___1kEVn Timesetter__input_seconds___3SasE"
      defaultValue="10"
      disabled={false}
      onBlur={[Function]}
      onClick={[Function]}
      type="number" />
    
    
    <span>
      .
    </span>
  </div>
  <div
    className="Timesetter__inputDiv___2_jkV">
    <input
      className="form-control Timesetter__input___1kEVn Timesetter__input_milliseconds___1otkI"
      defaultValue="581"
      disabled={false}
      onBlur={[Function]}
      onClick={[Function]}
      type="number" />
    
    
    
  </div>
  <input
    className="Timesetter__submitButton___3mo_t btn btn-sm btn-primary"
    disabled={true}
    onClick={[Function]}
    type="submit" />
</div>
`;
