exports[`test TimesetterFields renders correctly 1`] = `
<div
  className="Timesetter__fieldsContainer___24Fbf">
  <div
    className="text-capitalize Timesetter__formLabel___2eZoL Timesetter__formLabellower___1lP9u"
    style={
      Object {
        "width": "100%",
      }
    }>
    <b>
      lower cursor
    </b>
  </div>
  <div
    className="Timesetter__inputDiv___2_jkV">
    <input
      className="form-control Timesetter__input___1kEVn Timesetter__input_year___3Bqew"
      disabled={false}
      onBlur={[Function]}
      onChange={[Function]}
      onClick={[Function]}
      type="number"
      value="2016" />
    <span>
      -
    </span>
    
    
  </div>
  <div
    className="Timesetter__inputDiv___2_jkV">
    <input
      className="form-control Timesetter__input___1kEVn Timesetter__input_months___2pmb9"
      disabled={false}
      onBlur={[Function]}
      onChange={[Function]}
      onClick={[Function]}
      type="number"
      value="11" />
    <span>
      -
    </span>
    
    
  </div>
  <div
    className="Timesetter__inputDiv___2_jkV">
    <input
      className="form-control Timesetter__input___1kEVn Timesetter__input_date___fOWIW"
      disabled={false}
      onBlur={[Function]}
      onChange={[Function]}
      onClick={[Function]}
      type="number"
      value="29" />
    
    
    
  </div>
  <div
    className="Timesetter__inputDiv___2_jkV">
    <input
      className="form-control Timesetter__input___1kEVn Timesetter__input_hours___vTXPu"
      disabled={false}
      onBlur={[Function]}
      onChange={[Function]}
      onClick={[Function]}
      type="number"
      value="10" />
    
    <span>
      :
    </span>
    
  </div>
  <div
    className="Timesetter__inputDiv___2_jkV">
    <input
      className="form-control Timesetter__input___1kEVn Timesetter__input_minutes___vvWf-"
      disabled={false}
      onBlur={[Function]}
      onChange={[Function]}
      onClick={[Function]}
      type="number"
      value="58" />
    
    <span>
      :
    </span>
    
  </div>
  <div
    className="Timesetter__inputDiv___2_jkV">
    <input
      className="form-control Timesetter__input___1kEVn Timesetter__input_seconds___3SasE"
      disabled={false}
      onBlur={[Function]}
      onChange={[Function]}
      onClick={[Function]}
      type="number"
      value="10" />
    
    
    <span>
      .
    </span>
  </div>
  <div
    className="Timesetter__inputDiv___2_jkV">
    <input
      className="form-control Timesetter__input___1kEVn Timesetter__input_milliseconds___1otkI"
      disabled={false}
      onBlur={[Function]}
      onChange={[Function]}
      onClick={[Function]}
      type="number"
      value="581" />
    
    
    
  </div>
</div>
`;
