exports[`test Controls renders correctly 1`] = `
<div>
  <ul
    className="Controls__controlsUl___3Mg-C">
    <li
      className="Controls__controlsLi___1tMEr">
      <button
        className="btn btn-xs btn-control"
        onClick={[Function]}
        title="Decrease speed">
        ◄◄
      </button>
    </li>
    <li
      className="Controls__controlsLi___1tMEr">
      <button
        className="btn btn-xs btn-default">
        1X
      </button>
    </li>
    <li
      className="Controls__controlsLi___1tMEr">
      <button
        className="btn btn-xs btn-control"
        onClick={[Function]}
        title="Increase speed">
        ►►
      </button>
    </li>
    <li
      className="Controls__controlsLi___1tMEr">
      <button
        className="btn btn-xs btn-control Controls__controlButtonPlay___1jKAG Controls__controlButtonActive___2yw2M"
        onClick={[Function]}
        title="play">
        <span>
          ▍▍
        </span>
      </button>
    </li>
    <li
      className="Controls__controlsLi___1tMEr">
      <button
        className="btn btn-xs btn-control"
        offset={-10}
        onClick={[Function]}
        title="- 10s">
        - 10s
      </button>
    </li>
    <li
      className="Controls__controlsLi___1tMEr">
      <button
        className="btn btn-xs btn-control"
        offset={10}
        onClick={[Function]}
        title="+ 10s">
        + 10s
      </button>
    </li>
  </ul>
  <ul
    className="Controls__controlsUl___3Mg-C Controls__controlsUlRight___d15G1">
    <li
      className="Controls__controlsLi___1tMEr">
      <button
        className="btn btn-xs btn-control Controls__controlButtonActive___2yw2M"
        mode="Normal"
        onClick={[Function]}
        title="Normal mode">
        Normal
      </button>
    </li>
    <li
      className="Controls__controlsLi___1tMEr">
      <button
        className="btn btn-xs btn-control"
        mode="Extensible"
        onClick={[Function]}
        title="Extensible mode">
        Extensible
      </button>
    </li>
    <li
      className="Controls__controlsLi___1tMEr">
      <button
        className="btn btn-xs btn-control"
        mode="Fixed"
        onClick={[Function]}
        title="Fixed mode">
        Fixed
      </button>
    </li>
    <li
      className="Controls__controlsLi___1tMEr">
      <button
        className="btn btn-xs btn-control"
        disabled={false}
        mode="Realtime"
        onClick={[Function]}
        title="Real time mode">
        Real time
      </button>
    </li>
  </ul>
</div>
`;
