// Jest Snapshot v1, https://goo.gl/fbAQLP

exports[`LineCanvasCommon :: drawLinesCanvas LineCanvasCommon :: drawLinesCanvas :: nominal case 1`] = `
Array [
  "clearRect           0|0|1000|500",
  "strokeStyle         #FFBF00",
  "fillStyle           #FFBF00",
  "lineWidth           2",
  "font                0px Arial",
  "setLineDash         2,0",
  "beginPath           ",
  "stroke              ",
  "strokeStyle         #FF0000",
  "fillStyle           #FF0000",
  "beginPath           ",
  "moveTo              |",
  "lineTo              178.97276606639053|428.42107896819624",
  "lineTo              178.97276635400559|428.6329683531203",
  "stroke              ",
  "strokeStyle         #FF00FF",
  "fillStyle           #FF00FF",
  "beginPath           ",
  "moveTo              178.97276635400559|428.6329683531203",
  "lineTo              178.97276664162058|428.6329683531203",
  "stroke              ",
]
`;
