// Jest Snapshot v1, https://goo.gl/fbAQLP

exports[`LineCanvasCommon :: drawLinesCanvas LineCanvasCommon :: drawLinesCanvas :: nominal case 1`] = `
Array [
  "clearRect           0|0|1000|1000",
  "setLineDash         2,0",
  "lineWidth           2",
  "font                30px Arial",
  "beginPath           ",
  "moveTo              100|900",
  "fillStyle           #000000",
  "strokeStyle         #000000",
  "fillText            •|95|910",
  "moveTo              200|800",
  "stroke              ",
  "beginPath           ",
  "fillStyle           #F00000",
  "strokeStyle         #F00000",
  "moveTo              200|800",
  "fillText            •|195|810",
  "lineTo              300|700",
  "stroke              ",
  "beginPath           ",
  "fillStyle           #FF0000",
  "strokeStyle         #FF0000",
  "moveTo              300|700",
  "fillText            •|295|710",
  "lineTo              400|600",
  "stroke              ",
  "beginPath           ",
  "fillStyle           #FFF000",
  "strokeStyle         #FFF000",
  "moveTo              400|600",
  "fillText            •|395|610",
  "lineTo              400|600",
  "stroke              ",
]
`;

exports[`LineCanvasCommon :: drawLinesCanvas LineCanvasCommon :: drawLinesCanvas :: obsolete data 1 1`] = `
Array [
  "clearRect           0|0|1000|1000",
  "setLineDash         2,0",
  "lineWidth           2",
  "font                30px Arial",
  "beginPath           ",
  "moveTo              100|900",
  "fillStyle           #000000",
  "strokeStyle         #000000",
  "fillText            •|95|910",
  "moveTo              200|800",
  "stroke              ",
  "beginPath           ",
  "fillStyle           #F00000",
  "strokeStyle         #F00000",
  "moveTo              200|800",
  "fillText            •|195|810",
  "lineTo              300|700",
  "stroke              ",
  "beginPath           ",
  "fillStyle           #FF0000",
  "strokeStyle         #FF0000",
  "moveTo              300|700",
  "fillText            •|295|710",
  "lineTo              400|600",
  "stroke              ",
  "beginPath           ",
  "fillStyle           #FFF000",
  "strokeStyle         #FFF000",
  "moveTo              400|600",
  "fillText            •|395|610",
  "lineTo              400|600",
  "stroke              ",
  "clearRect           0|0|1000|1000",
  "setLineDash         2,0",
  "lineWidth           2",
  "font                30px Arial",
  "beginPath           ",
  "moveTo              100|900",
  "fillStyle           #000000",
  "strokeStyle         #000000",
  "moveTo              200|800",
  "stroke              ",
  "beginPath           ",
  "fillStyle           #F00000",
  "strokeStyle         #F00000",
  "moveTo              200|800",
  "fillText            •|195|810",
  "moveTo              300|700",
  "stroke              ",
  "beginPath           ",
  "fillStyle           #FF0000",
  "strokeStyle         #FF0000",
  "moveTo              300|700",
  "fillText            •|295|710",
  "lineTo              400|600",
  "stroke              ",
  "beginPath           ",
  "fillStyle           #FFF000",
  "strokeStyle         #FFF000",
  "moveTo              400|600",
  "fillText            •|395|610",
  "lineTo              400|600",
  "stroke              ",
]
`;

exports[`LineCanvasCommon :: drawLinesCanvas LineCanvasCommon :: drawLinesCanvas :: obsolete data 2 1`] = `
Array [
  "clearRect           0|0|1000|1000",
  "setLineDash         2,0",
  "lineWidth           2",
  "font                30px Arial",
  "beginPath           ",
  "moveTo              100|900",
  "fillStyle           #000000",
  "strokeStyle         #000000",
  "fillText            •|95|910",
  "moveTo              200|800",
  "stroke              ",
  "beginPath           ",
  "fillStyle           #F00000",
  "strokeStyle         #F00000",
  "moveTo              200|800",
  "fillText            •|195|810",
  "lineTo              300|700",
  "stroke              ",
  "beginPath           ",
  "fillStyle           #FF0000",
  "strokeStyle         #FF0000",
  "moveTo              300|700",
  "fillText            •|295|710",
  "lineTo              400|600",
  "stroke              ",
  "beginPath           ",
  "fillStyle           #FFF000",
  "strokeStyle         #FFF000",
  "moveTo              400|600",
  "fillText            •|395|610",
  "lineTo              400|600",
  "stroke              ",
  "clearRect           0|0|1000|1000",
  "setLineDash         2,0",
  "lineWidth           2",
  "font                30px Arial",
  "beginPath           ",
  "moveTo              100|900",
  "fillStyle           #000000",
  "strokeStyle         #000000",
  "moveTo              200|800",
  "stroke              ",
  "beginPath           ",
  "fillStyle           #F00000",
  "strokeStyle         #F00000",
  "moveTo              200|800",
  "fillText            •|195|810",
  "moveTo              300|700",
  "stroke              ",
  "beginPath           ",
  "fillStyle           #FF0000",
  "strokeStyle         #FF0000",
  "moveTo              300|700",
  "fillText            •|295|710",
  "lineTo              400|600",
  "stroke              ",
  "beginPath           ",
  "fillStyle           #FFF000",
  "strokeStyle         #FFF000",
  "moveTo              400|600",
  "fillText            •|395|610",
  "lineTo              400|600",
  "stroke              ",
  "clearRect           0|0|1000|1000",
  "setLineDash         2,0",
  "lineWidth           2",
  "font                30px Arial",
  "beginPath           ",
  "moveTo              100|900",
  "fillStyle           #000000",
  "strokeStyle         #000000",
  "moveTo              200|800",
  "stroke              ",
  "beginPath           ",
  "fillStyle           #F00000",
  "strokeStyle         #F00000",
  "moveTo              200|800",
  "moveTo              300|700",
  "stroke              ",
  "beginPath           ",
  "fillStyle           #FF0000",
  "strokeStyle         #FF0000",
  "moveTo              300|700",
  "fillText            •|295|710",
  "moveTo              400|600",
  "stroke              ",
  "beginPath           ",
  "fillStyle           #FFF000",
  "strokeStyle         #FFF000",
  "moveTo              400|600",
  "fillText            •|395|610",
  "lineTo              400|600",
  "stroke              ",
]
`;
