// Jest Snapshot v1, https://goo.gl/fbAQLP

exports[`viewManager/PUS05View/Components/View/PUS05View PUS05View :: render snapshot 1`] = `
<div
  className="pus05 h100 posRelative"
>
  <div
    className="flex h100"
  >
    <div
      className="renderErrorText"
    >
      Unable to render view 
      <br />
      Please fill-in configuration
    </div>
  </div>
</div>
`;
