// Jest Snapshot v1, https://goo.gl/fbAQLP

exports[`EntryPointUnitContainer :: render EntryPointUnitContainer :: render 1`] = `
Array [
  <div
    className="form-group"
>
    <label
        className="col-xs-4 control-label"
        htmlFor="formHorizontalName"
    >
        Default unit
    </label>
    <div
        className="col-xs-8"
    >
        <div
            className="plaintTextPadded"
        >
            Unknown
        </div>
    </div>
</div>,
  <div
    className="form-group"
>
    <label
        className="col-xs-4 control-label"
        htmlFor="formHorizontalName"
    >
        Convert from
    </label>
    <div
        className="col-xs-8"
    >
        <div
            className=""
        >
            <input
                className="form-control input-sm"
                disabled={false}
                onChange={[Function]}
                placeholder=""
                type="text"
                value={undefined}
            />
        </div>
    </div>
</div>,
  <div
    className="form-group"
>
    <label
        className="col-xs-4 control-label"
        htmlFor="formHorizontalName"
    >
        Convert to
    </label>
    <div
        className="col-xs-8"
    >
        <div
            className=""
        >
            <input
                className="form-control input-sm"
                disabled={false}
                onChange={[Function]}
                placeholder=""
                type="text"
                value={undefined}
            />
        </div>
    </div>
</div>,
]
`;
