// Jest Snapshot v1, https://goo.gl/fbAQLP

exports[`viewManager :: commonEditor :: Fields :: ApplicationProcessField snapshot 1`] = `
<ErrorBoundary>
  <div
    className="row mr0 applicationProcess"
  >
    <Field
      className="col-xs-12 pr0"
      closeOnSelect={false}
      component={[Function]}
      disabled={true}
      format={null}
      multi={true}
      name="connectedData.apidName"
      onChange={[Function]}
      options={Array []}
      simpleValue={true}
    />
  </div>
</ErrorBoundary>
`;

exports[`viewManager :: commonEditor :: Fields :: ApplicationProcessField snapshot 2 1`] = `
<ErrorBoundary>
  <div
    className="row mr0 applicationProcess"
  >
    <Field
      className="col-xs-12 pr0"
      closeOnSelect={false}
      component={[Function]}
      disabled={true}
      format={null}
      multi={true}
      name="connectedData.apidName"
      onChange={[Function]}
      options={Array []}
      simpleValue={true}
    />
  </div>
</ErrorBoundary>
`;
