// Jest Snapshot v1, https://goo.gl/fbAQLP

exports[`viewManager viewManager :: commonEditor viewManager :: commonEditor :: Fields viewManager :: commonEditor :: Fields :: ColsFields snapshot empty 1`] = `null`;

exports[`viewManager viewManager :: commonEditor viewManager :: commonEditor :: Fields viewManager :: commonEditor :: Fields :: ColsFields snapshot empty 2`] = `
<sortableList
  axis="y"
  distance={0}
  getHelperDimensions={[Function]}
  hideSortableGhost={true}
  items={
    Array [
      Object {
        "displayed": true,
        "group": 0,
        "position": 0,
        "title": "timestamp",
        "value": "timestamp",
      },
      Object {
        "displayed": true,
        "group": 0,
        "position": 1,
        "title": "parameterName",
        "value": "parameterName",
      },
      Object {
        "displayed": true,
        "group": 0,
        "position": 2,
        "title": "parameterType",
        "value": "parameterType",
      },
      Object {
        "displayed": true,
        "group": 0,
        "position": 3,
        "title": "firstOccurence",
        "value": "firstOccurence",
      },
      Object {
        "displayed": true,
        "group": 0,
        "position": 4,
        "title": "lastOccurence",
        "value": "lastOccurence",
      },
      Object {
        "displayed": true,
        "group": 0,
        "position": 5,
        "title": "durationtimestamp",
        "value": "durationtimestamp",
      },
      Object {
        "displayed": true,
        "group": 0,
        "position": 6,
        "title": "rawValuetimestamp",
        "value": "rawValuetimestamp",
      },
      Object {
        "displayed": true,
        "group": 0,
        "position": 7,
        "title": "physicalValue",
        "value": "physicalValue",
      },
      Object {
        "displayed": true,
        "group": 0,
        "position": 8,
        "title": "satellite",
        "value": "satellite",
      },
      Object {
        "displayed": true,
        "group": 0,
        "position": 9,
        "title": "ackStatetimestamp",
        "value": "ackStatetimestamp",
      },
    ]
  }
  lockOffset="50%"
  lockToContainerEdges={false}
  onSortEnd={[Function]}
  pressDelay={0}
  pressThreshold={5}
  shouldCancelStart={[Function]}
  transitionDuration={300}
  useWindowAsScrollContainer={false}
/>
`;
