// Jest Snapshot v1, https://goo.gl/fbAQLP

exports[`DomainFieldContainer :: render should render correctly with valid data 1`] = `
<Field
  clearable={true}
  component={[Function]}
  format={null}
  name="domain"
  onChange={null}
  options={
    Array [
      Object {
        "label": undefined,
        "value": undefined,
      },
      Object {
        "label": "*",
        "value": "*",
      },
    ]
  }
/>
`;
