// Jest Snapshot v1, https://goo.gl/fbAQLP

exports[`viewManager viewManager :: commonEditor viewManager :: commonEditor :: Fields viewManager :: commonEditor :: Fields :: DomainField snapshot 1`] = `
<ReduxForm
  domainName="domain"
  domains={
    Array [
      Object {
        "items": Array [],
        "name": "DomainFieldName",
      },
    ]
  }
  onChange={[Function]}
/>
`;
