// Jest Snapshot v1, https://goo.gl/fbAQLP

exports[`GroundAlarmView:dataReducer getData getData should flatten alarms and transitions (in "lines" field) 1`] = `
Array [
  Object {
    "data": Object {},
    "type": "alarm",
  },
  Object {
    "data": Object {},
    "type": "alarm",
  },
  Object {
    "data": Object {},
    "type": "alarm",
  },
  Object {
    "type": "transition_header",
  },
  Object {
    "data": Object {
      "a": true,
    },
    "type": "transition",
  },
  Object {
    "data": Object {
      "a": true,
    },
    "type": "transition",
  },
  Object {
    "data": Object {
      "a": true,
    },
    "type": "transition",
  },
  Object {
    "data": Object {},
    "type": "alarm",
  },
  Object {
    "type": "transition_header",
  },
  Object {
    "data": Object {
      "b": true,
    },
    "type": "transition",
  },
  Object {
    "data": Object {},
    "type": "alarm",
  },
  Object {
    "type": "transition_header",
  },
  Object {
    "data": Object {
      "c": true,
    },
    "type": "transition",
  },
  Object {
    "data": Object {
      "c": true,
    },
    "type": "transition",
  },
  Object {
    "data": Object {},
    "type": "alarm",
  },
  Object {
    "type": "transition_header",
  },
  Object {
    "data": Object {
      "d": true,
    },
    "type": "transition",
  },
  Object {
    "data": Object {},
    "type": "alarm",
  },
  Object {
    "type": "transition_header",
  },
  Object {
    "data": Object {
      "e": true,
    },
    "type": "transition",
  },
  Object {
    "data": Object {},
    "type": "alarm",
  },
  Object {
    "data": Object {},
    "type": "alarm",
  },
  Object {
    "type": "transition_header",
  },
  Object {
    "data": Object {
      "f": true,
    },
    "type": "transition",
  },
]
`;
