// Jest Snapshot v1, https://goo.gl/fbAQLP

exports[`windowProcess windowProcess :: View windowProcess :: View :: Header Header :: render 1`] = `
ShallowWrapper {
  "length": 1,
  Symbol(enzyme.__root__): [Circular],
  Symbol(enzyme.__unrendered__): <Provider
    store={
        Object {
            "dispatch": [Function],
            "getState": [Function],
            "replaceReducer": [Function],
            "subscribe": [Function],
            Symbol(Symbol.observable): [Function],
          }
    }
>
    <Header
        collapseView={[Function]}
        collapsed={false}
        domains={
            Array [
                "fr.cnes",
              ]
        }
        isModified={false}
        isViewsEditorOpen={false}
        onContextMenu={[Function]}
        pageDomain="fr.cnes"
        saveView={[Function]}
        title="stub"
        titleStyle={Object {}}
        viewDomain="*"
        workspaceDomain="*"
    />
</Provider>,
  Symbol(enzyme.__renderer__): Object {
    "batchedUpdates": [Function],
    "getNode": [Function],
    "render": [Function],
    "simulateEvent": [Function],
    "unmount": [Function],
  },
  Symbol(enzyme.__node__): Object {
    "instance": null,
    "key": undefined,
    "nodeType": "class",
    "props": Object {
      "collapseView": [Function],
      "collapsed": false,
      "domains": Array [
        "fr.cnes",
      ],
      "isModified": false,
      "isViewsEditorOpen": false,
      "onContextMenu": [Function],
      "pageDomain": "fr.cnes",
      "saveView": [Function],
      "title": "stub",
      "titleStyle": Object {},
      "viewDomain": "*",
      "workspaceDomain": "*",
    },
    "ref": null,
    "rendered": null,
    "type": [Function],
  },
  Symbol(enzyme.__nodes__): Array [
    Object {
      "instance": null,
      "key": undefined,
      "nodeType": "class",
      "props": Object {
        "collapseView": [Function],
        "collapsed": false,
        "domains": Array [
          "fr.cnes",
        ],
        "isModified": false,
        "isViewsEditorOpen": false,
        "onContextMenu": [Function],
        "pageDomain": "fr.cnes",
        "saveView": [Function],
        "title": "stub",
        "titleStyle": Object {},
        "viewDomain": "*",
        "workspaceDomain": "*",
      },
      "ref": null,
      "rendered": null,
      "type": [Function],
    },
  ],
  Symbol(enzyme.__options__): Object {
    "adapter": ReactFifteenFourAdapter {
      "options": Object {
        "supportPrevContextArgumentOfComponentDidUpdate": true,
      },
    },
  },
}
`;
