// Jest Snapshot v1, https://goo.gl/fbAQLP

exports[`HistoryEditor :: render snapshot 1`] = `
<div
  className="contentWrapper"
>
  <h4
    className="text-center mb10"
  >
    <span
      className="mr5 EditorVignette"
      style={
        Object {
          "background": undefined,
        }
      }
    />
    <b />
  </h4>
  <Connect(ViewParams)
    viewId="view-id"
  />
  <Navbar
    changeCurrentDisplay={[Function]}
    currentDisplay={0}
    items={
      Array [
        "Entry Points",
        "History",
        "Misc",
      ]
    }
  />
  <div
    className="content"
  >
    <div>
      <Connect(DataViewEntryPoints)
        entryPoints={undefined}
        pageId="pageId"
        search="search"
        viewId="view-id"
        viewType="HistoryView"
      />
    </div>
  </div>
</div>
`;
