// Jest Snapshot v1, https://goo.gl/fbAQLP

exports[`data:map should compute dataMap 1`] = `
Object {
  "expectedLastIntervals": Object {
    "Reporting.AGA_AM_PRIORITY<ReportingParameter>:0:4": Object {
      "extractedValue.tb1:0": Object {
        "expectedInterval": Array [
          100000,
          400000,
        ],
      },
      "extractedValue.tb1:10000": Object {
        "expectedInterval": Array [
          90000,
          390000,
        ],
      },
      "monitoringState.tb1:0": Object {
        "expectedInterval": Array [
          100000,
          400000,
        ],
      },
    },
    "Reporting.TMMGT_BC_VIRTCHAN3<ReportingParameter>:0:4": Object {
      "extractedValue.tb1:0": Object {
        "expectedInterval": Array [
          100000,
          400000,
        ],
      },
    },
    "Reporting.TMMGT_BC_VIRTCHAN3<ReportingParameter>:0:4:raw.>.100": Object {
      "extractedValue.tb1:0": Object {
        "expectedInterval": Array [
          100000,
          400000,
        ],
      },
    },
    "TelemetryPacket.CLCW_TM_NOMINAL<DecommutedPacket>:0:4": Object {
      "undefined.tb1:0": Object {
        "expectedInterval": Array [
          100000,
          400000,
        ],
      },
    },
  },
  "expectedRangeIntervals": Object {
    "Reporting.ATT_BC_REVTCOUNT1<ReportingParameter>:0:1": Object {
      "groundDate/extractedValue.tb1:0": Object {
        "expectedInterval": Array [
          100000,
          500000,
        ],
      },
      "groundDate/extractedValue.tb1:10000": Object {
        "expectedInterval": Array [
          90000,
          490000,
        ],
      },
      "undefined.tb1:0": Object {
        "expectedInterval": Array [
          100000,
          500000,
        ],
      },
    },
    "Reporting.TMMGT_BC_VIRTCHAN3<ReportingParameter>:0:4:extractedValue.<.100": Object {
      "groundDate/extractedValue.tb1:0:#000000.monitoringState.=.waiting": Object {
        "expectedInterval": Array [
          100000,
          500000,
        ],
      },
    },
    "Reporting.TMMGT_BC_VIRTCHAN3<ReportingParameter>:0:4:rawValue.>.100": Object {
      "undefined.tb1:0": Object {
        "expectedInterval": Array [
          100000,
          500000,
        ],
      },
    },
  },
  "forecastIntervals": Object {
    "Reporting.AGA_AM_PRIORITY<ReportingParameter>:0:4": Object {
      "extractedValue.tb1:0": Object {
        "expectedInterval": Array [
          400000,
          405000,
        ],
      },
      "extractedValue.tb1:10000": Object {
        "expectedInterval": Array [
          390000,
          395000,
        ],
      },
      "monitoringState.tb1:0": Object {
        "expectedInterval": Array [
          400000,
          405000,
        ],
      },
    },
    "Reporting.ATT_BC_REVTCOUNT1<ReportingParameter>:0:1": Object {
      "groundDate/extractedValue.tb1:0": Object {
        "expectedInterval": Array [
          500000,
          505000,
        ],
      },
      "groundDate/extractedValue.tb1:10000": Object {
        "expectedInterval": Array [
          490000,
          495000,
        ],
      },
      "undefined.tb1:0": Object {
        "expectedInterval": Array [
          500000,
          505000,
        ],
      },
    },
    "Reporting.TMMGT_BC_VIRTCHAN3<ReportingParameter>:0:4": Object {
      "extractedValue.tb1:0": Object {
        "expectedInterval": Array [
          400000,
          405000,
        ],
      },
    },
    "Reporting.TMMGT_BC_VIRTCHAN3<ReportingParameter>:0:4:extractedValue.<.100": Object {
      "groundDate/extractedValue.tb1:0:#000000.monitoringState.=.waiting": Object {
        "expectedInterval": Array [
          500000,
          505000,
        ],
      },
    },
    "Reporting.TMMGT_BC_VIRTCHAN3<ReportingParameter>:0:4:raw.>.100": Object {
      "extractedValue.tb1:0": Object {
        "expectedInterval": Array [
          400000,
          405000,
        ],
      },
    },
    "Reporting.TMMGT_BC_VIRTCHAN3<ReportingParameter>:0:4:rawValue.>.100": Object {
      "undefined.tb1:0": Object {
        "expectedInterval": Array [
          500000,
          505000,
        ],
      },
    },
    "TelemetryPacket.CLCW_TM_NOMINAL<DecommutedPacket>:0:4": Object {
      "undefined.tb1:0": Object {
        "expectedInterval": Array [
          400000,
          405000,
        ],
      },
    },
  },
  "perLastTbdId": Object {
    "Reporting.AGA_AM_PRIORITY<ReportingParameter>:0:4": Object {
      "dataId": Object {
        "catalog": "Reporting",
        "comObject": "ReportingParameter",
        "domain": "fr.cnes.isis.simupus",
        "domainId": 4,
        "parameterName": "AGA_AM_PRIORITY",
        "sessionId": 0,
        "sessionName": "Master",
      },
      "filters": Array [],
      "localIds": Object {
        "extractedValue.tb1:0": Object {
          "field": "extractedValue",
          "offset": 0,
          "timebarUuid": "tb1",
          "viewType": "TextView",
        },
        "extractedValue.tb1:10000": Object {
          "field": "extractedValue",
          "offset": 10000,
          "timebarUuid": "tb1",
          "viewType": "TextView",
        },
        "monitoringState.tb1:0": Object {
          "field": "monitoringState",
          "offset": 0,
          "timebarUuid": "tb1",
          "viewType": "MimicView",
        },
      },
      "mode": undefined,
      "views": Array [
        "text1",
        "mimic1",
      ],
    },
    "Reporting.TMMGT_BC_VIRTCHAN3<ReportingParameter>:0:4": Object {
      "dataId": Object {
        "catalog": "Reporting",
        "comObject": "ReportingParameter",
        "domain": "fr.cnes.isis.simupus",
        "domainId": 4,
        "parameterName": "TMMGT_BC_VIRTCHAN3",
        "sessionId": 0,
        "sessionName": "Master",
      },
      "filters": Array [],
      "localIds": Object {
        "extractedValue.tb1:0": Object {
          "field": "extractedValue",
          "offset": 0,
          "timebarUuid": "tb1",
          "viewType": "TextView",
        },
      },
      "mode": undefined,
      "views": Array [
        "text1",
      ],
    },
    "Reporting.TMMGT_BC_VIRTCHAN3<ReportingParameter>:0:4:raw.>.100": Object {
      "dataId": Object {
        "catalog": "Reporting",
        "comObject": "ReportingParameter",
        "domain": "fr.cnes.isis.simupus",
        "domainId": 4,
        "parameterName": "TMMGT_BC_VIRTCHAN3",
        "sessionId": 0,
        "sessionName": "Master",
      },
      "filters": Array [
        Object {
          "field": "raw",
          "operand": "100",
          "operator": ">",
        },
      ],
      "localIds": Object {
        "extractedValue.tb1:0": Object {
          "field": "extractedValue",
          "offset": 0,
          "timebarUuid": "tb1",
          "viewType": "MimicView",
        },
      },
      "mode": undefined,
      "views": Array [
        "mimic1",
      ],
    },
    "TelemetryPacket.CLCW_TM_NOMINAL<DecommutedPacket>:0:4": Object {
      "dataId": Object {
        "catalog": "TelemetryPacket",
        "comObject": "DecommutedPacket",
        "domain": "fr.cnes.isis.simupus",
        "domainId": 4,
        "parameterName": "CLCW_TM_NOMINAL",
        "sessionId": 0,
        "sessionName": "Master",
      },
      "filters": undefined,
      "localIds": Object {
        "undefined.tb1:0": Object {
          "field": undefined,
          "offset": 0,
          "timebarUuid": "tb1",
          "viewType": "DynamicView",
        },
      },
      "mode": undefined,
      "views": Array [
        "dynamic1",
      ],
    },
  },
  "perRangeTbdId": Object {
    "Reporting.ATT_BC_REVTCOUNT1<ReportingParameter>:0:1": Object {
      "dataId": Object {
        "catalog": "Reporting",
        "comObject": "ReportingParameter",
        "domain": "fr.cnes.isis",
        "domainId": 1,
        "parameterName": "ATT_BC_REVTCOUNT1",
        "sessionId": 0,
        "sessionName": "Master",
      },
      "filters": Array [],
      "localIds": Object {
        "groundDate/extractedValue.tb1:0": Object {
          "fieldX": "groundDate",
          "fieldY": "extractedValue",
          "offset": 0,
          "timebarUuid": "tb1",
          "viewType": "PlotView",
        },
        "groundDate/extractedValue.tb1:10000": Object {
          "fieldX": "groundDate",
          "fieldY": "extractedValue",
          "offset": 10000,
          "timebarUuid": "tb1",
          "viewType": "PlotView",
        },
        "undefined.tb1:0": Object {
          "offset": 0,
          "timebarUuid": "tb1",
          "viewType": "HistoryView",
        },
      },
      "mode": undefined,
      "views": Array [
        "plot1",
        "hist1",
      ],
    },
    "Reporting.TMMGT_BC_VIRTCHAN3<ReportingParameter>:0:4:extractedValue.<.100": Object {
      "dataId": Object {
        "catalog": "Reporting",
        "comObject": "ReportingParameter",
        "domain": "fr.cnes.isis.simupus",
        "domainId": 4,
        "parameterName": "TMMGT_BC_VIRTCHAN3",
        "sessionId": 0,
        "sessionName": "Master",
      },
      "filters": Array [
        Object {
          "field": "extractedValue",
          "operand": "100",
          "operator": "<",
        },
      ],
      "localIds": Object {
        "groundDate/extractedValue.tb1:0:#000000.monitoringState.=.waiting": Object {
          "fieldX": "groundDate",
          "fieldY": "extractedValue",
          "offset": 0,
          "timebarUuid": "tb1",
          "viewType": "PlotView",
        },
      },
      "mode": undefined,
      "views": Array [
        "plot1",
      ],
    },
    "Reporting.TMMGT_BC_VIRTCHAN3<ReportingParameter>:0:4:rawValue.>.100": Object {
      "dataId": Object {
        "catalog": "Reporting",
        "comObject": "ReportingParameter",
        "domain": "fr.cnes.isis.simupus",
        "domainId": 4,
        "parameterName": "TMMGT_BC_VIRTCHAN3",
        "sessionId": 0,
        "sessionName": "Master",
      },
      "filters": Array [
        Object {
          "field": "rawValue",
          "operand": "100",
          "operator": ">",
        },
      ],
      "localIds": Object {
        "undefined.tb1:0": Object {
          "offset": 0,
          "timebarUuid": "tb1",
          "viewType": "HistoryView",
        },
      },
      "mode": undefined,
      "views": Array [
        "hist1",
      ],
    },
  },
  "perView": Object {
    "dynamic1": Object {
      "entryPoints": Object {
        "dynamicEP": Object {
          "dataId": Object {
            "catalog": "TelemetryPacket",
            "comObject": "DecommutedPacket",
            "domain": "fr.cnes.isis.simupus",
            "domainId": 4,
            "parameterName": "CLCW_TM_NOMINAL",
            "sessionId": 0,
            "sessionName": "Master",
          },
          "id": "dynamic1ep1",
          "localId": "undefined.tb1:0",
          "offset": 0,
          "tbdId": "TelemetryPacket.CLCW_TM_NOMINAL<DecommutedPacket>:0:4",
          "timebarUuid": "tb1",
          "type": "DynamicView",
        },
      },
      "type": "DynamicView",
    },
    "hist1": Object {
      "entryPoints": Object {
        "ATT_BC_REVTCOUNT1": Object {
          "dataId": Object {
            "catalog": "Reporting",
            "comObject": "ReportingParameter",
            "domain": "fr.cnes.isis",
            "domainId": 1,
            "parameterName": "ATT_BC_REVTCOUNT1",
            "sessionId": 0,
            "sessionName": "Master",
          },
          "filters": Array [],
          "id": "hist1ep2",
          "localId": "undefined.tb1:0",
          "offset": 0,
          "stateColors": Array [],
          "tbdId": "Reporting.ATT_BC_REVTCOUNT1<ReportingParameter>:0:1",
          "timebarUuid": "tb1",
          "type": "HistoryView",
        },
        "TMMGT_BC_VIRTCHAN3": Object {
          "dataId": Object {
            "catalog": "Reporting",
            "comObject": "ReportingParameter",
            "domain": "fr.cnes.isis.simupus",
            "domainId": 4,
            "parameterName": "TMMGT_BC_VIRTCHAN3",
            "sessionId": 0,
            "sessionName": "Master",
          },
          "filters": Array [
            Object {
              "field": "rawValue",
              "operand": "100",
              "operator": ">",
            },
          ],
          "id": "hist1ep1",
          "localId": "undefined.tb1:0",
          "offset": 0,
          "stateColors": Array [],
          "tbdId": "Reporting.TMMGT_BC_VIRTCHAN3<ReportingParameter>:0:4:rawValue.>.100",
          "timebarUuid": "tb1",
          "type": "HistoryView",
        },
      },
      "type": "HistoryView",
    },
    "mimic1": Object {
      "entryPoints": Object {
        "AGA_AM_PRIORITY": Object {
          "dataId": Object {
            "catalog": "Reporting",
            "comObject": "ReportingParameter",
            "domain": "fr.cnes.isis.simupus",
            "domainId": 4,
            "parameterName": "AGA_AM_PRIORITY",
            "sessionId": 0,
            "sessionName": "Master",
          },
          "field": "extractedValue",
          "filters": Array [],
          "id": "mimic1ep2",
          "localId": "extractedValue.tb1:0",
          "offset": 0,
          "tbdId": "Reporting.AGA_AM_PRIORITY<ReportingParameter>:0:4",
          "timebarUuid": "tb1",
          "type": "MimicView",
        },
        "AGA_AM_PRIOR_MS": Object {
          "dataId": Object {
            "catalog": "Reporting",
            "comObject": "ReportingParameter",
            "domain": "fr.cnes.isis.simupus",
            "domainId": 4,
            "parameterName": "AGA_AM_PRIORITY",
            "sessionId": 0,
            "sessionName": "Master",
          },
          "field": "monitoringState",
          "filters": Array [],
          "id": "mimic1ep3",
          "localId": "monitoringState.tb1:0",
          "offset": 0,
          "tbdId": "Reporting.AGA_AM_PRIORITY<ReportingParameter>:0:4",
          "timebarUuid": "tb1",
          "type": "MimicView",
        },
        "TMMGT_BC_VIRTCHAN3": Object {
          "dataId": Object {
            "catalog": "Reporting",
            "comObject": "ReportingParameter",
            "domain": "fr.cnes.isis.simupus",
            "domainId": 4,
            "parameterName": "TMMGT_BC_VIRTCHAN3",
            "sessionId": 0,
            "sessionName": "Master",
          },
          "field": "extractedValue",
          "filters": Array [
            Object {
              "field": "raw",
              "operand": "100",
              "operator": ">",
            },
          ],
          "id": "mimic1ep1",
          "localId": "extractedValue.tb1:0",
          "offset": 0,
          "tbdId": "Reporting.TMMGT_BC_VIRTCHAN3<ReportingParameter>:0:4:raw.>.100",
          "timebarUuid": "tb1",
          "type": "MimicView",
        },
      },
      "type": "MimicView",
    },
    "plot1": Object {
      "entryPoints": Object {
        "ATT_BC_REVTCOUNT1": Object {
          "dataId": Object {
            "catalog": "Reporting",
            "comObject": "ReportingParameter",
            "domain": "fr.cnes.isis",
            "domainId": 1,
            "parameterName": "ATT_BC_REVTCOUNT1",
            "sessionId": 0,
            "sessionName": "Master",
          },
          "fieldX": "groundDate",
          "fieldY": "extractedValue",
          "filters": Array [],
          "id": "plot1ep2",
          "localId": "groundDate/extractedValue.tb1:0",
          "offset": 0,
          "stateColors": Array [],
          "tbdId": "Reporting.ATT_BC_REVTCOUNT1<ReportingParameter>:0:1",
          "timebarUuid": "tb1",
          "type": "PlotView",
        },
        "ATT_BC_REVTCOUNT1_Offset": Object {
          "dataId": Object {
            "catalog": "Reporting",
            "comObject": "ReportingParameter",
            "domain": "fr.cnes.isis",
            "domainId": 1,
            "parameterName": "ATT_BC_REVTCOUNT1",
            "sessionId": 0,
            "sessionName": "Master",
          },
          "fieldX": "groundDate",
          "fieldY": "extractedValue",
          "filters": Array [],
          "id": "plot1ep3",
          "localId": "groundDate/extractedValue.tb1:10000",
          "offset": 10000,
          "stateColors": Array [],
          "tbdId": "Reporting.ATT_BC_REVTCOUNT1<ReportingParameter>:0:1",
          "timebarUuid": "tb1",
          "type": "PlotView",
        },
        "TMMGT_BC_VIRTCHAN3": Object {
          "dataId": Object {
            "catalog": "Reporting",
            "comObject": "ReportingParameter",
            "domain": "fr.cnes.isis.simupus",
            "domainId": 4,
            "parameterName": "TMMGT_BC_VIRTCHAN3",
            "sessionId": 0,
            "sessionName": "Master",
          },
          "fieldX": "groundDate",
          "fieldY": "extractedValue",
          "filters": Array [
            Object {
              "field": "extractedValue",
              "operand": "100",
              "operator": "<",
            },
          ],
          "id": "plot1ep1",
          "localId": "groundDate/extractedValue.tb1:0:#000000.monitoringState.=.waiting",
          "offset": 0,
          "stateColors": Array [
            Object {
              "color": "#000000",
              "condition": Object {
                "field": "monitoringState",
                "operand": "waiting",
                "operator": "=",
              },
            },
          ],
          "tbdId": "Reporting.TMMGT_BC_VIRTCHAN3<ReportingParameter>:0:4:extractedValue.<.100",
          "timebarUuid": "tb1",
          "type": "PlotView",
        },
      },
      "type": "PlotView",
    },
    "text1": Object {
      "entryPoints": Object {
        "AGA_AM_PRIORITY": Object {
          "dataId": Object {
            "catalog": "Reporting",
            "comObject": "ReportingParameter",
            "domain": "fr.cnes.isis.simupus",
            "domainId": 4,
            "parameterName": "AGA_AM_PRIORITY",
            "sessionId": 0,
            "sessionName": "Master",
          },
          "field": "extractedValue",
          "filters": Array [],
          "id": "text1ep1",
          "localId": "extractedValue.tb1:0",
          "offset": 0,
          "tbdId": "Reporting.AGA_AM_PRIORITY<ReportingParameter>:0:4",
          "timebarUuid": "tb1",
          "type": "TextView",
        },
        "AGA_AM_PRIOR_OFFSET": Object {
          "dataId": Object {
            "catalog": "Reporting",
            "comObject": "ReportingParameter",
            "domain": "fr.cnes.isis.simupus",
            "domainId": 4,
            "parameterName": "AGA_AM_PRIORITY",
            "sessionId": 0,
            "sessionName": "Master",
          },
          "field": "extractedValue",
          "filters": Array [],
          "id": "text1ep10",
          "localId": "extractedValue.tb1:10000",
          "offset": 10000,
          "tbdId": "Reporting.AGA_AM_PRIORITY<ReportingParameter>:0:4",
          "timebarUuid": "tb1",
          "type": "TextView",
        },
        "TMMGT_AC_APP": Object {
          "error": "unable to parse this connectedData formula ",
        },
        "TMMGT_BC_VIRTCHAN3": Object {
          "dataId": Object {
            "catalog": "Reporting",
            "comObject": "ReportingParameter",
            "domain": "fr.cnes.isis.simupus",
            "domainId": 4,
            "parameterName": "TMMGT_BC_VIRTCHAN3",
            "sessionId": 0,
            "sessionName": "Master",
          },
          "field": "extractedValue",
          "filters": Array [],
          "id": "text1ep2",
          "localId": "extractedValue.tb1:0",
          "offset": 0,
          "tbdId": "Reporting.TMMGT_BC_VIRTCHAN3<ReportingParameter>:0:4",
          "timebarUuid": "tb1",
          "type": "TextView",
        },
      },
      "type": "TextView",
    },
  },
}
`;
