// Jest Snapshot v1, https://goo.gl/fbAQLP

exports[`EntryPointParameters :: render EntryPointParameters :: render :: false-false 1`] = `
Array [
  <div
    className="page-header"
>
    <h4>
        Name
    </h4>
</div>,
  <div
    className="form-group"
>
    <label
        className="col-xs-4 control-label"
        htmlFor="formHorizontalName"
    >
        Label
    </label>
    <div
        className="col-xs-8"
    >
        <div
            className=""
        >
            <input
                className="form-control input-sm"
                defaultValue=""
                onChange={[Function]}
                placeholder=""
                type="text"
            />
        </div>
    </div>
</div>,
  <div
    className="form-group"
>
    <label
        className="col-xs-4 control-label"
        htmlFor="formHorizontalName"
    >
        Color
    </label>
    <div
        className="col-xs-8"
    >
        <div
            className="root"
        >
            <button
                className="btn btn-xs btn-default"
                disabled={false}
                onClick={[Function]}
                style={
                    Object {
                        "backgroundColor": "#FFF",
                      }
                }
                type="button"
            >
                <svg
                    height="12"
                    width="12"
                    xmlns="http://www.w3.org/2000/svg"
                >
                    <g>
                        <title>
                            background
                        </title>
                        <rect
                            fill="none"
                            height="12"
                            id="canvas_background"
                            width="12"
                            x="-1"
                            y="-1"
                        />
                        <g
                            display="none"
                            height="100%"
                            id="canvasGrid"
                            overflow="visible"
                            width="100%"
                            x="0"
                            y="0"
                        >
                            <rect
                                fill="url(#gridpattern)"
                                height="100%"
                                strokeWidth="0"
                                width="100%"
                                x="0"
                                y="0"
                            />
                        </g>
                    </g>
                </svg>
            </button>
        </div>
    </div>
</div>,
  <div
    className="page-header"
>
    <h4>
        Line Style
    </h4>
</div>,
  <div
    className="form-group"
>
    <label
        className="col-xs-4 control-label"
        htmlFor="formHorizontalName"
    >
        Visible
    </label>
    <div
        className="col-xs-8"
    >
        <button
            className="btn btn-xs btn-warning"
            disabled={false}
            onClick={[Function]}
            type="button"
        >
            NO
        </button>
    </div>
</div>,
  <div
    className="page-header"
>
    <h4>
        Points Style
    </h4>
</div>,
  <div
    className="form-group"
>
    <label
        className="col-xs-4 control-label"
        htmlFor="formHorizontalName"
    >
        Visible
    </label>
    <div
        className="col-xs-8"
    >
        <button
            className="btn btn-xs btn-warning"
            disabled={false}
            onClick={[Function]}
            type="button"
        >
            NO
        </button>
    </div>
</div>,
]
`;

exports[`EntryPointParameters :: render EntryPointParameters :: render :: false-true 1`] = `
Array [
  <div
    className="page-header"
>
    <h4>
        Name
    </h4>
</div>,
  <div
    className="form-group"
>
    <label
        className="col-xs-4 control-label"
        htmlFor="formHorizontalName"
    >
        Label
    </label>
    <div
        className="col-xs-8"
    >
        <div
            className=""
        >
            <input
                className="form-control input-sm"
                defaultValue=""
                onChange={[Function]}
                placeholder=""
                type="text"
            />
        </div>
    </div>
</div>,
  <div
    className="form-group"
>
    <label
        className="col-xs-4 control-label"
        htmlFor="formHorizontalName"
    >
        Color
    </label>
    <div
        className="col-xs-8"
    >
        <div
            className="root"
        >
            <button
                className="btn btn-xs btn-default"
                disabled={false}
                onClick={[Function]}
                style={
                    Object {
                        "backgroundColor": "#FFF",
                      }
                }
                type="button"
            >
                <svg
                    height="12"
                    width="12"
                    xmlns="http://www.w3.org/2000/svg"
                >
                    <g>
                        <title>
                            background
                        </title>
                        <rect
                            fill="none"
                            height="12"
                            id="canvas_background"
                            width="12"
                            x="-1"
                            y="-1"
                        />
                        <g
                            display="none"
                            height="100%"
                            id="canvasGrid"
                            overflow="visible"
                            width="100%"
                            x="0"
                            y="0"
                        >
                            <rect
                                fill="url(#gridpattern)"
                                height="100%"
                                strokeWidth="0"
                                width="100%"
                                x="0"
                                y="0"
                            />
                        </g>
                    </g>
                </svg>
            </button>
        </div>
    </div>
</div>,
  <div
    className="page-header"
>
    <h4>
        Line Style
    </h4>
</div>,
  <div
    className="form-group"
>
    <label
        className="col-xs-4 control-label"
        htmlFor="formHorizontalName"
    >
        Visible
    </label>
    <div
        className="col-xs-8"
    >
        <button
            className="btn btn-xs btn-warning"
            disabled={false}
            onClick={[Function]}
            type="button"
        >
            NO
        </button>
    </div>
</div>,
  <div
    className="page-header"
>
    <h4>
        Points Style
    </h4>
</div>,
  <div
    className="form-group"
>
    <label
        className="col-xs-4 control-label"
        htmlFor="formHorizontalName"
    >
        Visible
    </label>
    <div
        className="col-xs-8"
    >
        <button
            className="btn btn-xs btn-warning"
            disabled={false}
            onClick={[Function]}
            type="button"
        >
            NO
        </button>
    </div>
</div>,
]
`;

exports[`EntryPointParameters :: render EntryPointParameters :: render :: true-false 1`] = `
Array [
  <div
    className="page-header"
>
    <h4>
        Name
    </h4>
</div>,
  <div
    className="form-group"
>
    <label
        className="col-xs-4 control-label"
        htmlFor="formHorizontalName"
    >
        Label
    </label>
    <div
        className="col-xs-8"
    >
        <div
            className=""
        >
            <input
                className="form-control input-sm"
                defaultValue=""
                onChange={[Function]}
                placeholder=""
                type="text"
            />
        </div>
    </div>
</div>,
  <div
    className="form-group"
>
    <label
        className="col-xs-4 control-label"
        htmlFor="formHorizontalName"
    >
        Color
    </label>
    <div
        className="col-xs-8"
    >
        <div
            className="root"
        >
            <button
                className="btn btn-xs btn-default"
                disabled={false}
                onClick={[Function]}
                style={
                    Object {
                        "backgroundColor": "#FFF",
                      }
                }
                type="button"
            >
                <svg
                    height="12"
                    width="12"
                    xmlns="http://www.w3.org/2000/svg"
                >
                    <g>
                        <title>
                            background
                        </title>
                        <rect
                            fill="none"
                            height="12"
                            id="canvas_background"
                            width="12"
                            x="-1"
                            y="-1"
                        />
                        <g
                            display="none"
                            height="100%"
                            id="canvasGrid"
                            overflow="visible"
                            width="100%"
                            x="0"
                            y="0"
                        >
                            <rect
                                fill="url(#gridpattern)"
                                height="100%"
                                strokeWidth="0"
                                width="100%"
                                x="0"
                                y="0"
                            />
                        </g>
                    </g>
                </svg>
            </button>
        </div>
    </div>
</div>,
  <div
    className="page-header"
>
    <h4>
        Line Style
    </h4>
</div>,
  <div
    className="form-group"
>
    <label
        className="col-xs-4 control-label"
        htmlFor="formHorizontalName"
    >
        Visible
    </label>
    <div
        className="col-xs-8"
    >
        <button
            className="btn btn-xs btn-warning"
            disabled={false}
            onClick={[Function]}
            type="button"
        >
            NO
        </button>
    </div>
</div>,
  <div
    className="page-header"
>
    <h4>
        Points Style
    </h4>
</div>,
  <div
    className="form-group"
>
    <label
        className="col-xs-4 control-label"
        htmlFor="formHorizontalName"
    >
        Visible
    </label>
    <div
        className="col-xs-8"
    >
        <button
            className="btn btn-xs btn-warning"
            disabled={false}
            onClick={[Function]}
            type="button"
        >
            NO
        </button>
    </div>
</div>,
]
`;

exports[`EntryPointParameters :: render EntryPointParameters :: render :: true-true 1`] = `
Array [
  <div
    className="page-header"
>
    <h4>
        Name
    </h4>
</div>,
  <div
    className="form-group"
>
    <label
        className="col-xs-4 control-label"
        htmlFor="formHorizontalName"
    >
        Label
    </label>
    <div
        className="col-xs-8"
    >
        <div
            className=""
        >
            <input
                className="form-control input-sm"
                defaultValue=""
                onChange={[Function]}
                placeholder=""
                type="text"
            />
        </div>
    </div>
</div>,
  <div
    className="form-group"
>
    <label
        className="col-xs-4 control-label"
        htmlFor="formHorizontalName"
    >
        Color
    </label>
    <div
        className="col-xs-8"
    >
        <div
            className="root"
        >
            <button
                className="btn btn-xs btn-default"
                disabled={false}
                onClick={[Function]}
                style={
                    Object {
                        "backgroundColor": "#FFF",
                      }
                }
                type="button"
            >
                <svg
                    height="12"
                    width="12"
                    xmlns="http://www.w3.org/2000/svg"
                >
                    <g>
                        <title>
                            background
                        </title>
                        <rect
                            fill="none"
                            height="12"
                            id="canvas_background"
                            width="12"
                            x="-1"
                            y="-1"
                        />
                        <g
                            display="none"
                            height="100%"
                            id="canvasGrid"
                            overflow="visible"
                            width="100%"
                            x="0"
                            y="0"
                        >
                            <rect
                                fill="url(#gridpattern)"
                                height="100%"
                                strokeWidth="0"
                                width="100%"
                                x="0"
                                y="0"
                            />
                        </g>
                    </g>
                </svg>
            </button>
        </div>
    </div>
</div>,
  <div
    className="page-header"
>
    <h4>
        Line Style
    </h4>
</div>,
  <div
    className="form-group"
>
    <label
        className="col-xs-4 control-label"
        htmlFor="formHorizontalName"
    >
        Visible
    </label>
    <div
        className="col-xs-8"
    >
        <button
            className="btn btn-xs btn-warning"
            disabled={false}
            onClick={[Function]}
            type="button"
        >
            NO
        </button>
    </div>
</div>,
  <div
    className="page-header"
>
    <h4>
        Points Style
    </h4>
</div>,
  <div
    className="form-group"
>
    <label
        className="col-xs-4 control-label"
        htmlFor="formHorizontalName"
    >
        Visible
    </label>
    <div
        className="col-xs-8"
    >
        <button
            className="btn btn-xs btn-warning"
            disabled={false}
            onClick={[Function]}
            type="button"
        >
            NO
        </button>
    </div>
</div>,
]
`;
