// Jest Snapshot v1, https://goo.gl/fbAQLP

exports[`PlotGrid :: render PlotGrid :: render 1`] = `
<form
  className="redux-form-padded form-horizontal"
  onSubmit={[Function]}
>
  <div
    className="ClearSubmitButtons root"
  >
    <div
      className="btn-group"
    >
      <button
        className="mr5 btn btn-default"
        disabled={true}
        onClick={[Function]}
        type="button"
      >
        Clear
      </button>
      <button
        className="btn btn-success"
        disabled={true}
        type="submit"
      >
        Submit
      </button>
    </div>
  </div>
  <div
    className="form-group"
  >
    <label
      className="col-xs-4 control-label"
      htmlFor="formHorizontalName"
    >
      Show
    </label>
    <div
      className="col-xs-8"
    >
      <button
        className="btn btn-xs btn-default"
        disabled={false}
        onClick={[Function]}
        type="button"
      >
        OFF
      </button>
    </div>
  </div>
  <div
    className="form-group"
  >
    <label
      className="col-xs-4 control-label"
      htmlFor="formHorizontalName"
    >
      Line style
    </label>
    <div
      className="col-xs-8"
    >
      <div
        className="root btn-group"
      >
        <button
          className="button btn btn-xs btn-default"
          disabled={false}
          onClick={[Function]}
          type="button"
        >
          <svg
            height="12"
            width="90%"
          >
            <g>
              <title>
                background
              </title>
              <rect
                fill="none"
                height="22"
                id="canvas_background"
                width="70"
                x="-1"
                y="-1"
              />
              <g
                display="none"
                height="100%"
                id="canvasGrid"
                overflow="visible"
                width="100%"
                x="0"
                y="0"
              >
                <rect
                  fill="url(#gridpattern)"
                  height="100%"
                  strokeWidth="0"
                  width="100%"
                  x="0"
                  y="0"
                />
              </g>
            </g>
            <g>
              <title>
                Layer 1
              </title>
              <line
                fill="none"
                id="svg_1"
                stroke="#333"
                strokeLinecap="undefined"
                strokeLinejoin="undefined"
                strokeWidth="2"
                x1="5"
                x2="55"
                y1="7"
                y2="7"
              />
            </g>
          </svg>
        </button>
        <button
          className="button btn btn-xs btn-default"
          disabled={false}
          onClick={[Function]}
          type="button"
        >
          <svg
            height="12"
            width="90%"
          >
            <g>
              <title>
                background
              </title>
              <rect
                fill="none"
                height="22"
                id="canvas_background"
                width="70"
                x="-1"
                y="-1"
              />
              <g
                display="none"
                height="100%"
                id="canvasGrid"
                overflow="visible"
                width="100%"
                x="0"
                y="0"
              >
                <rect
                  fill="url(#gridpattern)"
                  height="100%"
                  strokeWidth="0"
                  width="100%"
                  x="0"
                  y="0"
                />
              </g>
            </g>
            <g>
              <title>
                Layer 1
              </title>
              <line
                fill="none"
                id="svg_1"
                stroke="#333"
                strokeDasharray="5"
                strokeLinejoin="undefined"
                strokeWidth="2"
                x1="5"
                x2="55"
                y1="7"
                y2="7"
              />
            </g>
          </svg>
        </button>
        <button
          className="button btn btn-xs btn-default"
          disabled={false}
          onClick={[Function]}
          type="button"
        >
          <svg
            height="12"
            width="90%"
          >
            <g>
              <title>
                background
              </title>
              <rect
                fill="none"
                height="22"
                id="canvas_background"
                width="70"
                x="-1"
                y="-1"
              />
              <g
                display="none"
                height="100%"
                id="canvasGrid"
                overflow="visible"
                width="100%"
                x="0"
                y="0"
              >
                <rect
                  fill="url(#gridpattern)"
                  height="100%"
                  strokeWidth="0"
                  width="100%"
                  x="0"
                  y="0"
                />
              </g>
            </g>
            <g>
              <title>
                Layer 1
              </title>
              <line
                fill="none"
                id="svg_1"
                stroke="#333"
                strokeDasharray="2"
                strokeLinecap="undefined"
                strokeLinejoin="undefined"
                strokeWidth="2"
                x1="5"
                x2="55"
                y1="7"
                y2="7"
              />
            </g>
          </svg>
        </button>
      </div>
    </div>
  </div>
  <div
    className="form-group"
  >
    <label
      className="col-xs-4 control-label"
      htmlFor="formHorizontalName"
    >
      Width
    </label>
    <div
      className="col-xs-8"
    >
      <div
        className=""
      >
        <input
          className="form-control input-sm"
          defaultValue=""
          onChange={[Function]}
          placeholder=""
          type="number"
        />
      </div>
    </div>
  </div>
  <div
    className="form-group"
  >
    <label
      className="col-xs-4 control-label"
      htmlFor="formHorizontalName"
    >
      X Axis
    </label>
    <div
      className="col-xs-8"
    >
      <span>
        Time
      </span>
    </div>
  </div>
  <div
    className="form-group"
  >
    <label
      className="col-xs-4 control-label"
      htmlFor="formHorizontalName"
    >
      Y Axis
    </label>
    <div
      className="col-xs-8"
    >
      <select
        className="form-control input-sm"
        name="yAxisId"
        onBlur={[Function]}
        onChange={[Function]}
        onDragStart={[Function]}
        onDrop={[Function]}
        onFocus={[Function]}
        value=""
      >
        <option
          value="vBat"
        />
      </select>
    </div>
  </div>
</form>
`;
