// Jest Snapshot v1, https://goo.gl/fbAQLP

exports[`AddTimeline component AddTimeline (redux-form) renders correctly 1`] = `
<form
  className="form-horizontal"
  onSubmit={[Function]}
>
  <div>
    <div
      className="form-group"
    >
      <label
        className="col-xs-4 control-label"
        htmlFor="formHorizontalName"
      >
        Master timeline
      </label>
      <div
        className="col-xs-8"
      >
        <button
          className="btn btn-xs btn-default"
          disabled={false}
          onClick={[Function]}
          type="button"
        >
          NO
        </button>
      </div>
    </div>
    <div
      className="form-group"
    >
      <label
        className="col-xs-4 control-label"
        htmlFor="formHorizontalName"
      >
        Type
      </label>
      <div
        className="col-xs-8"
      >
        <select
          className="form-control input-sm"
          name="kind"
          onBlur={[Function]}
          onChange={[Function]}
          onDragStart={[Function]}
          onDrop={[Function]}
          onFocus={[Function]}
          type="text"
          value=""
        >
          <option
            value="session"
          >
            session
          </option>
          <option
            disabled={true}
            value="dataSet"
          >
            dataSet
          </option>
          <option
            disabled={true}
            value="recordSet"
          >
            recordSet
          </option>
        </select>
      </div>
    </div>
    <div
      className="form-group"
    >
      <label
        className="col-xs-4 control-label"
        htmlFor="formHorizontalName"
      >
        Name
      </label>
      <div
        className="col-xs-8"
      >
        <div
          className=""
        >
          <input
            className="form-control input-sm"
            defaultValue=""
            onChange={[Function]}
            placeholder=""
            type="text"
          />
        </div>
      </div>
    </div>
    <div
      className="form-group"
    >
      <label
        className="col-xs-4 control-label"
        htmlFor="formHorizontalName"
      >
        Session
      </label>
      <div
        className="col-xs-8"
      >
        <select
          className="form-control input-sm"
          name="sessionName"
          onBlur={[Function]}
          onChange={[Function]}
          onDragStart={[Function]}
          onDrop={[Function]}
          onFocus={[Function]}
          type="text"
          value=""
        />
      </div>
    </div>
    <hr />
    <div
      className="form-group"
    >
      <label
        className="col-xs-4 control-label"
        htmlFor="formHorizontalName"
      >
        Offset (d-h-m-s-ms)
      </label>
      <div
        className="col-xs-8"
      >
        <div>
          <input
            className="input input_days form-control"
            defaultValue="0"
            onChange={[Function]}
            placeholder="days"
            type="number"
          />
          <input
            className="input input_hours form-control"
            defaultValue="0"
            onChange={[Function]}
            placeholder="hours"
            type="number"
          />
          <input
            className="input input_minutes form-control"
            defaultValue="0"
            onChange={[Function]}
            placeholder="minutes"
            type="number"
          />
          <input
            className="input input_seconds form-control"
            defaultValue="0"
            onChange={[Function]}
            placeholder="seconds"
            type="number"
          />
          <input
            className="input input_milliseconds form-control"
            defaultValue="0"
            onChange={[Function]}
            placeholder="milliseconds"
            type="number"
          />
        </div>
      </div>
    </div>
    <div
      className="form-group"
    >
      <label
        className="col-xs-4 control-label"
        htmlFor="formHorizontalName"
      >
        Color
      </label>
      <div
        className="col-xs-8"
      >
        <div
          className="root"
        >
          <button
            className="btn btn-xs btn-default"
            disabled={false}
            onClick={[Function]}
            style={
              Object {
                "backgroundColor": "#FFF",
              }
            }
            type="button"
          >
            <svg
              height="12"
              width="12"
              xmlns="http://www.w3.org/2000/svg"
            >
              <g>
                <title>
                  background
                </title>
                <rect
                  fill="none"
                  height="12"
                  id="canvas_background"
                  width="12"
                  x="-1"
                  y="-1"
                />
                <g
                  display="none"
                  height="100%"
                  id="canvasGrid"
                  overflow="visible"
                  width="100%"
                  x="0"
                  y="0"
                >
                  <rect
                    fill="url(#gridpattern)"
                    height="100%"
                    strokeWidth="0"
                    width="100%"
                    x="0"
                    y="0"
                  />
                </g>
              </g>
            </svg>
          </button>
        </div>
      </div>
    </div>
  </div>
  <div
    className="text-right"
  >
    <div
      className="btn-group"
    >
      <button
        className="btn btn-success"
        disabled={true}
        type="submit"
      >
        Submit
      </button>
    </div>
  </div>
</form>
`;
