// Jest Snapshot v1, https://goo.gl/fbAQLP

exports[`Controls renders correctly 1`] = `
<div>
  <ul
    className="controlsUl controlsUlRight"
  >
    <li
      className="controlsLi"
    >
      <button
        className="btn btn-xs btn-control active"
        mode="Normal"
        onClick={[Function]}
        title="Normal mode"
      >
        Normal
      </button>
    </li>
    <li
      className="controlsLi"
    >
      <button
        className="btn btn-xs btn-control"
        mode="Extensible"
        onClick={[Function]}
        title="Extensible mode"
      >
        Extensible
      </button>
    </li>
    <li
      className="controlsLi"
    >
      <button
        className="btn btn-xs btn-control"
        mode="Fixed"
        onClick={[Function]}
        title="Fixed mode"
      >
        Fixed
      </button>
    </li>
    <li
      className="controlsLi"
    >
      <button
        className="btn btn-xs btn-control"
        id="realtime"
        mode="Realtime"
        onClick={[Function]}
      >
        Real time
      </button>
    </li>
  </ul>
</div>
`;
