// Jest Snapshot v1, https://goo.gl/fbAQLP

exports[`TimesetterFields renders correctly 1`] = `
<div
  className="fieldsContainer"
>
  <div
    style={
      Object {
        "width": "100%",
      }
    }
  >
    <b
      className="text-capitalize formLabel formLabellower"
    >
      lower cursor
    </b>
    <b>
      
    </b>
  </div>
  <div
    className="inputDiv"
  >
    <input
      className="form-control input input_year"
      defaultValue="2016"
      disabled={false}
      onBlur={[Function]}
      onClick={[Function]}
    />
    <span>
      -
    </span>
  </div>
  <div
    className="inputDiv"
  >
    <input
      className="form-control input input_months"
      defaultValue="11"
      disabled={false}
      onBlur={[Function]}
      onClick={[Function]}
    />
    <span>
      -
    </span>
  </div>
  <div
    className="inputDiv"
  >
    <input
      className="form-control input input_date"
      defaultValue="29"
      disabled={false}
      onBlur={[Function]}
      onClick={[Function]}
    />
  </div>
  <div
    className="inputDiv"
  >
    <input
      className="form-control input input_hours"
      defaultValue="10"
      disabled={false}
      onBlur={[Function]}
      onClick={[Function]}
    />
    <span>
      :
    </span>
  </div>
  <div
    className="inputDiv"
  >
    <input
      className="form-control input input_minutes"
      defaultValue="58"
      disabled={false}
      onBlur={[Function]}
      onClick={[Function]}
    />
    <span>
      :
    </span>
  </div>
  <div
    className="inputDiv"
  >
    <input
      className="form-control input input_seconds"
      defaultValue="10"
      disabled={false}
      onBlur={[Function]}
      onClick={[Function]}
    />
    <span>
      .
    </span>
  </div>
  <div
    className="inputDiv"
  >
    <input
      className="form-control input input_milliseconds"
      defaultValue="581"
      disabled={false}
      onBlur={[Function]}
      onClick={[Function]}
    />
  </div>
</div>
`;
