// Jest Snapshot v1, https://goo.gl/fbAQLP

exports[`GroundAlarmEditorForm :: render snapshot 1`] = `
ShallowWrapper {
  "length": 1,
  Symbol(enzyme.__root__): [Circular],
  Symbol(enzyme.__unrendered__): <GroundAlarmEditorForm
    handleSubmit={[Function]}
    initialValues={Object {}}
    pristine={true}
    reset={[Function]}
    submitting={true}
    valid={true}
/>,
  Symbol(enzyme.__renderer__): Object {
    "batchedUpdates": [Function],
    "getNode": [Function],
    "render": [Function],
    "simulateEvent": [Function],
    "unmount": [Function],
  },
  Symbol(enzyme.__node__): Object {
    "instance": null,
    "key": undefined,
    "nodeType": "class",
    "props": Object {
      "handleSubmit": [Function],
      "initialValues": Object {},
      "pristine": true,
      "reset": [Function],
      "submitting": true,
      "valid": true,
    },
    "ref": null,
    "rendered": null,
    "type": [Function],
  },
  Symbol(enzyme.__nodes__): Array [
    Object {
      "instance": null,
      "key": undefined,
      "nodeType": "class",
      "props": Object {
        "handleSubmit": [Function],
        "initialValues": Object {},
        "pristine": true,
        "reset": [Function],
        "submitting": true,
        "valid": true,
      },
      "ref": null,
      "rendered": null,
      "type": [Function],
    },
  ],
  Symbol(enzyme.__options__): Object {
    "adapter": ReactFifteenFourAdapter {
      "options": Object {
        "supportPrevContextArgumentOfComponentDidUpdate": true,
      },
    },
  },
}
`;
