// Jest Snapshot v1, https://goo.gl/fbAQLP

exports[`PUS11Modal :: render snapshot 1`] = `
<ErrorBoundary>
  <div
    className="row pus11Modal"
  >
    <div>
      <h4>
        Command parameters
      </h4>
      <table
        className="table table-bordered"
      >
        <thead>
          <tr>
            <th>
              Name
            </th>
            <th>
              Value
            </th>
            <th>
              Description
            </th>
          </tr>
        </thead>
        <tbody>
          <OverlayTrigger
            defaultOverlayShown={false}
            overlay={
              <Popover
                bsClass="popover"
                id="commands-timeshifts-info"
                placement="bottom"
                style={
                  Object {
                    "height": 50,
                  }
                }
              >
                <table
                  className="popoverTable"
                >
                  <tbody>
                    <tr>
                      <th>
                        Last update time
                      </th>
                      <td />
                    </tr>
                    <tr>
                      <th>
                        Last update mode
                      </th>
                      <td />
                    </tr>
                  </tbody>
                </table>
              </Popover>
            }
            placement="right"
            trigger={
              Array [
                "hover",
                "focus",
              ]
            }
          >
            <tr>
              <td />
              <td />
              <td />
            </tr>
          </OverlayTrigger>
          <OverlayTrigger
            defaultOverlayShown={false}
            overlay={
              <Popover
                bsClass="popover"
                id="commands-timeshifts-info"
                placement="bottom"
                style={
                  Object {
                    "height": 50,
                  }
                }
              >
                <table
                  className="popoverTable"
                >
                  <tbody>
                    <tr>
                      <th>
                        Last update time
                      </th>
                      <td />
                    </tr>
                    <tr>
                      <th>
                        Last update mode
                      </th>
                      <td />
                    </tr>
                  </tbody>
                </table>
              </Popover>
            }
            placement="right"
            trigger={
              Array [
                "hover",
                "focus",
              ]
            }
          >
            <tr>
              <td />
              <td />
              <td />
            </tr>
          </OverlayTrigger>
          <OverlayTrigger
            defaultOverlayShown={false}
            overlay={
              <Popover
                bsClass="popover"
                id="commands-timeshifts-info"
                placement="bottom"
                style={
                  Object {
                    "height": 50,
                  }
                }
              >
                <table
                  className="popoverTable"
                >
                  <tbody>
                    <tr>
                      <th>
                        Last update time
                      </th>
                      <td />
                    </tr>
                    <tr>
                      <th>
                        Last update mode
                      </th>
                      <td />
                    </tr>
                  </tbody>
                </table>
              </Popover>
            }
            placement="right"
            trigger={
              Array [
                "hover",
                "focus",
              ]
            }
          >
            <tr>
              <td />
              <td />
              <td />
            </tr>
          </OverlayTrigger>
        </tbody>
      </table>
    </div>
    <div>
      <h4>
        Time shifts
      </h4>
      <table
        className="table table-bordered"
      >
        <thead>
          <tr>
            <th>
              App. Time
            </th>
            <th>
              Shift
            </th>
          </tr>
        </thead>
        <tbody>
          <OverlayTrigger
            defaultOverlayShown={false}
            overlay={
              <Popover
                bsClass="popover"
                id="commands-timeshifts-info"
                placement="bottom"
                style={
                  Object {
                    "height": 50,
                  }
                }
              >
                <table
                  className="popoverTable"
                >
                  <tbody>
                    <tr>
                      <th>
                        Last update time
                      </th>
                      <td />
                    </tr>
                    <tr>
                      <th>
                        Last update mode
                      </th>
                      <td />
                    </tr>
                  </tbody>
                </table>
              </Popover>
            }
            placement="right"
            trigger={
              Array [
                "hover",
                "focus",
              ]
            }
          >
            <tr>
              <td />
              <td />
            </tr>
          </OverlayTrigger>
          <OverlayTrigger
            defaultOverlayShown={false}
            overlay={
              <Popover
                bsClass="popover"
                id="commands-timeshifts-info"
                placement="bottom"
                style={
                  Object {
                    "height": 50,
                  }
                }
              >
                <table
                  className="popoverTable"
                >
                  <tbody>
                    <tr>
                      <th>
                        Last update time
                      </th>
                      <td />
                    </tr>
                    <tr>
                      <th>
                        Last update mode
                      </th>
                      <td />
                    </tr>
                  </tbody>
                </table>
              </Popover>
            }
            placement="right"
            trigger={
              Array [
                "hover",
                "focus",
              ]
            }
          >
            <tr>
              <td />
              <td />
            </tr>
          </OverlayTrigger>
          <OverlayTrigger
            defaultOverlayShown={false}
            overlay={
              <Popover
                bsClass="popover"
                id="commands-timeshifts-info"
                placement="bottom"
                style={
                  Object {
                    "height": 50,
                  }
                }
              >
                <table
                  className="popoverTable"
                >
                  <tbody>
                    <tr>
                      <th>
                        Last update time
                      </th>
                      <td />
                    </tr>
                    <tr>
                      <th>
                        Last update mode
                      </th>
                      <td />
                    </tr>
                  </tbody>
                </table>
              </Popover>
            }
            placement="right"
            trigger={
              Array [
                "hover",
                "focus",
              ]
            }
          >
            <tr>
              <td />
              <td />
            </tr>
          </OverlayTrigger>
        </tbody>
      </table>
    </div>
    <div>
      <h4>
        Binary profile
        <OverlayTrigger
          defaultOverlayShown={false}
          overlay={
            <Popover
              bsClass="popover"
              id="commands-timeshifts-info"
              placement="bottom"
              style={
                Object {
                  "height": 50,
                }
              }
            >
              <table
                className="popoverTable"
              >
                <tbody>
                  <tr>
                    <th>
                      Last update time
                    </th>
                    <td />
                  </tr>
                  <tr>
                    <th>
                      Last update mode
                    </th>
                    <td />
                  </tr>
                </tbody>
              </table>
            </Popover>
          }
          placement="right"
          trigger={
            Array [
              "hover",
              "focus",
            ]
          }
        >
          <Glyphicon
            bsClass="glyphicon"
            className="InfoIcon"
            glyph="info-sign"
          />
        </OverlayTrigger>
      </h4>
      <table
        className="table table-bordered"
      >
        <thead>
          <tr>
            <th />
            <th>
              01
            </th>
            <th>
              02
            </th>
            <th>
              03
            </th>
            <th>
              04
            </th>
            <th>
              05
            </th>
            <th>
              06
            </th>
            <th>
              07
            </th>
            <th>
              08
            </th>
          </tr>
        </thead>
        <tbody>
          <tr>
            <th />
            <td>
              AA
            </td>
            <td>
              75
            </td>
            <td>
              66
            </td>
            <td>
              66
            </td>
            <td>
              65
            </td>
            <td>
              72
            </td>
            <td>
              65
            </td>
            <td>
              72
            </td>
          </tr>
          <tr>
            <th>
              1
            </th>
            <td>
              AA
            </td>
            <td>
              75
            </td>
            <td>
              66
            </td>
            <td>
              66
            </td>
            <td>
              65
            </td>
            <td>
              72
            </td>
            <td>
              65
            </td>
            <td>
              72
            </td>
          </tr>
          <tr>
            <th>
              2
            </th>
            <td>
              AA
            </td>
            <td>
              75
            </td>
            <td>
              66
            </td>
            <td>
              66
            </td>
            <td>
              65
            </td>
            <td>
              72
            </td>
            <td>
              65
            </td>
            <td>
              72
            </td>
          </tr>
        </tbody>
      </table>
    </div>
  </div>
  <div
    className="text-right"
  >
    <Button
      active={false}
      block={false}
      bsClass="btn"
      bsStyle="default"
      className="btn btn-default"
      disabled={false}
      onClick={[Function]}
    >
      Close
    </Button>
  </div>
</ErrorBoundary>
`;
