// Jest Snapshot v1, https://goo.gl/fbAQLP

exports[`viewManager viewManager :: commonEditor viewManager :: commonEditor :: EntryPoint viewManager :: commonEditor :: EntryPoint :: DataViewEntryPoints snapshot 1`] = `
<div>
  <Connect(EntryPointActions)
    search={null}
    viewId="viewId"
    viewType="TextView"
  />
  <Connect(EntryPointTree)
    entryPoints={Array []}
    pageId="pageId"
    search={null}
    viewId="viewId"
  />
</div>
`;
